Microchip MPLAB XC8 Compiler V2.41

Linker command line:

-W-3 \
  --edf=C:/Program Files/Microchip/MPLABX/v6.10/packs/Microchip/PIC16Fxxx_DFP/1.4.149/xc8\pic\dat\20230322214319_en.msgs \
  -cn -h+dist/default/production\Lab2_ED2.X.production.sym \
  --cmf=dist/default/production\Lab2_ED2.X.production.cmf -z -Q16F887 \
  -oC:\Users\judah\AppData\Local\Temp\xcAscu0.\driver_tmp_3.o \
  --defsym=__MPLAB_BUILD=1 --fixupoverflow=error \
  -Mdist/default/production/Lab2_ED2.X.production.map \
  --md=C:\Users\judah\AppData\Local\Temp\xcAscu0.\driver_tmp_0.dat -E1 \
  -ver=XC8 Compiler --acfsm=1493 -ACODE=00h-07FFhx4 -ASTRCODE=00h-01FFFh \
  -ASTRING=00h-0FFhx32 -ACONST=00h-0FFhx32 -AENTRY=00h-0FFhx32 \
  -ACOMMON=070h-07Fh -ABANK0=020h-06Fh -ABANK1=0A0h-0EFh \
  -ABANK2=0110h-016Fh -ABANK3=0190h-01EFh \
  -ARAM=020h-06Fh,0A0h-0EFh,0110h-016Fh,0190h-01EFh \
  -AABS1=020h-07Fh,0A0h-0EFh,0110h-016Fh,0190h-01EFh -ASFR0=00h-01Fh \
  -ASFR1=080h-09Fh -ASFR2=0100h-010Fh -ASFR3=0180h-018Fh \
  -ACONFIG=02007h-02008h -DCONFIG=2 -AIDLOC=02000h-02003h -DIDLOC=2 \
  -AEEDATA=00h-0FFh/02100h -peeprom_data=EEDATA -DEEDATA=2 -DCODE=2 \
  -DSTRCODE=2 -DSTRING=2 -DCONST=2 -DENTRY=2 \
  -preset_vec=00h,intentry=04h,init,end_init -ppowerup=CODE -pcinit=CODE \
  -pfunctab=ENTRY -k \
  C:\Users\judah\AppData\Local\Temp\xcAscu0.\driver_tmp_12.o \
  dist/default/production\Lab2_ED2.X.production.o 

Object code version is 3.11

Machine type is 16F887



                Name                               Link     Load   Length Selector   Space Scale
C:\Users\judah\AppData\Local\Temp\xcAscu0.\driver_tmp_12.o
                end_init                              C        C        3        8       0
                reset_vec                             0        0        3        0       0
                config                             2007     2007        2        0       4
dist/default/production\Lab2_ED2.X.production.o
                cinit                                 F        F       12        8       0
                intentry                              4        4        8        8       0
                config                             2007     2007        2        0       4
                text27                              7F3      7F3        4      BAE       0
                text26                              7BD      7BD       16      BAE       0
                text25                              65D      65D       3E      BAE       0
                text24                              78D      78D       1A      BAE       0
                text23                              4AD      4AD       58        8       0
                text22                              7E1      7E1        B      BAE       0
                text21                              748      748       25      BAE       0
                text20                              61B      61B       42      BAE       0
                text19                               21       21       9D        8       0
                text18                              142      142       83        8       0
                text17                              1C5      1C5       81        8       0
                text16                              7D3      7D3        E      BAE       0
                text15                              7EC      7EC        7      BAE       0
                text14                              76D      76D       20      BAE       0
                text13                              7A7      7A7       16      BAE       0
                text12                              54D      54D       46        8       0
                text11                              505      505       48        8       0
                text10                              399      399       61        8       0
                text9                               5D7      5D7       44      BAE       0
                text8                               6D8      6D8       3A      BAE       0
                text7                               2BF      2BF       73        8       0
                text6                               332      332       67        8       0
                text5                               454      454       59        8       0
                text4                               246      246       79        8       0
                text3                                BE       BE       84        8       0
                text2                               3FA      3FA       5A        8       0
                text1                               712      712       36      BAE       0
                maintext                            69B      69B       3D      BAE       0
                cstackBANK0                          20       20       25       20       1
                cstackCOMMON                         70       70        A       70       1
                bssBANK0                             45       45        A       20       1
                bssCOMMON                            7A       7A        2       70       1
                strings                             593      593       44      B26       0

TOTAL           Name                               Link     Load   Length     Space
        CLASS   CODE           
                end_init                              C        C        3         0
                cinit                                 F        F       12         0
                intentry                              4        4        8         0
                reset_vec                             0        0        3         0
                text27                              7F3      7F3        4         0
                text26                              7BD      7BD       16         0
                text25                              65D      65D       3E         0
                text24                              78D      78D       1A         0
                text23                              4AD      4AD       58         0
                text22                              7E1      7E1        B         0
                text21                              748      748       25         0
                text20                              61B      61B       42         0
                text19                               21       21       9D         0
                text18                              142      142       83         0
                text17                              1C5      1C5       81         0
                text16                              7D3      7D3        E         0
                text15                              7EC      7EC        7         0
                text14                              76D      76D       20         0
                text13                              7A7      7A7       16         0
                text12                              54D      54D       46         0
                text11                              505      505       48         0
                text10                              399      399       61         0
                text9                               5D7      5D7       44         0
                text8                               6D8      6D8       3A         0
                text7                               2BF      2BF       73         0
                text6                               332      332       67         0
                text5                               454      454       59         0
                text4                               246      246       79         0
                text3                                BE       BE       84         0
                text2                               3FA      3FA       5A         0
                text1                               712      712       36         0
                maintext                            69B      69B       3D         0

        CLASS   STRCODE        

        CLASS   STRING         
                strings                             593      593       44         0

        CLASS   CONST          

        CLASS   ENTRY          

        CLASS   COMMON         
                cstackCOMMON                         70       70        A         1
                bssCOMMON                            7A       7A        2         1

        CLASS   BANK0          
                cstackBANK0                          20       20       25         1
                bssBANK0                             45       45        A         1

        CLASS   BANK1          

        CLASS   BANK2          

        CLASS   BANK3          

        CLASS   RAM            

        CLASS   ABS1           
                abs_s1                               7E       7E        2         1

        CLASS   SFR0           

        CLASS   SFR1           

        CLASS   SFR2           

        CLASS   SFR3           

        CLASS   CONFIG         
                config                             2007     2007        2         4

        CLASS   IDLOC          

        CLASS   EEDATA         

        CLASS   STACK          



SEGMENTS        Name                           Load    Length   Top    Selector   Space  Class     Delta

                reset_vec                      000000  000003  000003         0       0  CODE        2
                intentry                       000004  00058F  000593         8       0  CODE        2
                cstackBANK0                    000020  00002F  00004F        20       1  BANK0       1
                cstackCOMMON                   000070  00000C  00007C        70       1  COMMON      1
                strings                        000593  000044  0005D7       B26       0  STRING      2
                text9                          0005D7  000220  0007F7       BAE       0  CODE        2


UNUSED ADDRESS RANGES

        Name                Unused          Largest block    Delta
        BANK0            004F-006F             21           1
        BANK1            00A0-00EF             50           1
        BANK2            0110-016F             60           1
        BANK3            0190-01EF             60           1
        CODE             0003-0003              1           2
                         07F7-1FFF            800
        COMMON           007C-007D              2           1
        CONST            0003-0003              1           2
                         07F7-1FFF            100
        EEDATA           2100-21FF            100           2
        ENTRY            0003-0003              1           2
                         07F7-1FFF            100
        IDLOC            2000-2003              4           2
        RAM              004F-006F             21           1
                         00A0-00EF             50
                         0110-016F             60
                         0190-01EF             60
        SFR0             0000-001F             20           1
        SFR1             0080-009F             20           1
        SFR2             0100-010F             10           1
        SFR3             0180-018F             10           1
        STRCODE          0003-0003              1           2
                         07F7-1FFF           1809
        STRING           0003-0003              1           2
                         07F7-1FFF            100

                                  Symbol Table

?___aldiv                  cstackBANK0  0025
?___awdiv                  cstackCOMMON 0072
?___awmod                  cstackCOMMON 0072
?___lmul                   cstackCOMMON 0072
?___lwdiv                  cstackCOMMON 0072
?___lwmod                  cstackCOMMON 0072
?_adc_read                 cstackCOMMON 0072
?_map                      cstackBANK0  0034
Lcd_Cmd@a                  cstackCOMMON 0075
Lcd_Port@a                 cstackCOMMON 0072
Lcd_Set_Cursor@a           cstackCOMMON 0077
Lcd_Set_Cursor@b           cstackCOMMON 0076
Lcd_Set_Cursor@temp        cstackCOMMON 0078
Lcd_Write_Char@a           cstackCOMMON 0074
Lcd_Write_String@a         cstackCOMMON 0075
Lcd_Write_String@i         cstackBANK0  0020
UART_RX_config@BR          cstackBANK0  0041
UART_RX_config@baudrate    cstackBANK0  0034
UART_TX_config@BR          cstackBANK0  0041
UART_TX_config@baudrate    cstackBANK0  0034
UART_write_char@c          cstackCOMMON 0072
UART_write_string@i        cstackCOMMON 0073
UART_write_string@s        cstackCOMMON 0075
_ADCON0bits                (abs)        001F
_ADFM                      (abs)        04FF
_ADON                      (abs)        00F8
_ADRESH                    (abs)        001E
_ADRESL                    (abs)        009E
_ANSEL                     (abs)        0188
_ANSELH                    (abs)        0189
_CREN                      (abs)        00C4
_GIE                       (abs)        005F
_IOCB                      (abs)        0096
_Lcd_Clear                 text15       07EC
_Lcd_Cmd                   text24       078D
_Lcd_Init                  text23       04AD
_Lcd_Port                  text25       065D
_Lcd_Set_Cursor            text14       076D
_Lcd_Write_Char            text13       07A7
_Lcd_Write_String          text12       054D
_OSCCONbits                (abs)        008F
_PEIE                      (abs)        005E
_PORTA                     (abs)        0005
_PORTB                     (abs)        0006
_PORTC                     (abs)        0007
_PORTD                     (abs)        0008
_PORTE                     (abs)        0009
_RBIE                      (abs)        005B
_RCIE                      (abs)        0465
_RCIF                      (abs)        0065
_RCREG                     (abs)        001A
_RD0                       (abs)        0040
_RD1                       (abs)        0041
_RD2                       (abs)        0042
_RD3                       (abs)        0043
_RD4                       (abs)        0044
_RD5                       (abs)        0045
_RD6                       (abs)        0046
_RD7                       (abs)        0047
_RE0                       (abs)        0048
_RE1                       (abs)        0049
_SCS                       (abs)        0478
_SPBRG                     (abs)        0099
_SPBRGH                    (abs)        009A
_SPEN                      (abs)        00C7
_SYNC                      (abs)        04C4
_TRISA                     (abs)        0085
_TRISB                     (abs)        0086
_TRISC                     (abs)        0087
_TRISD                     (abs)        0088
_TRISE                     (abs)        0089
_TXEN                      (abs)        04C5
_TXIE                      (abs)        0464
_TXIF                      (abs)        0064
_TXREG                     (abs)        0019
_UART                      text20       061B
_UART_RX_config            text18       0142
_UART_RX_config$966        cstackBANK0  003D
_UART_TX_config            text17       01C5
_UART_TX_config$967        cstackBANK0  003D
_UART_read                 bssCOMMON    007A
_UART_read_char            text27       07F3
_UART_write_char           text22       07E1
_UART_write_string         text21       0748
_VCFG0                     (abs)        04FC
_VCFG1                     (abs)        04FD
_WPUB                      (abs)        0095
__H__absolute__            __absolute__ 0000
__Habs1                    abs1         0000
__Hbank0                   bank0        0000
__Hbank1                   bank1        0000
__Hbank2                   bank2        0000
__Hbank3                   bank3        0000
__HbssBANK0                bssBANK0     0000
__HbssCOMMON               bssCOMMON    0000
__Hcinit                   cinit        0021
__Hclrtext                 clrtext      0000
__Hcode                    code         0000
__Hcommon                  common       0000
__Hconfig                  config       2009
__HcstackBANK0             cstackBANK0  0000
__HcstackCOMMON            cstackCOMMON 0000
__Heeprom_data             eeprom_data  0000
__Hend_init                end_init     000F
__Hfunctab                 functab      0000
__Hinit                    init         000C
__Hintentry                intentry     000C
__Hmaintext                maintext     0000
__Hpowerup                 powerup      0000
__Hram                     ram          0000
__Hreset_vec               reset_vec    0003
__Hsfr0                    sfr0         0000
__Hsfr1                    sfr1         0000
__Hsfr2                    sfr2         0000
__Hsfr3                    sfr3         0000
__Hspace_0                 (abs)        07F7
__Hspace_1                 (abs)        007C
__Hspace_2                 (abs)        0000
__Hspace_3                 (abs)        0000
__Hspace_4                 (abs)        4010
__Hstack                   stack        0000
__Hstrings                 strings      0000
__Htext                    text         0000
__L__absolute__            __absolute__ 0000
__Labs1                    abs1         0000
__Lbank0                   bank0        0000
__Lbank1                   bank1        0000
__Lbank2                   bank2        0000
__Lbank3                   bank3        0000
__LbssBANK0                bssBANK0     0000
__LbssCOMMON               bssCOMMON    0000
__Lcinit                   cinit        000F
__Lclrtext                 clrtext      0000
__Lcode                    code         0000
__Lcommon                  common       0000
__Lconfig                  config       0000
__LcstackBANK0             cstackBANK0  0000
__LcstackCOMMON            cstackCOMMON 0000
__Leeprom_data             eeprom_data  0000
__Lend_init                end_init     000C
__Lfunctab                 functab      0000
__Linit                    init         000C
__Lintentry                intentry     0004
__Lmaintext                maintext     0000
__Lpowerup                 powerup      0000
__Lram                     ram          0000
__Lreset_vec               reset_vec    0000
__Lsfr0                    sfr0         0000
__Lsfr1                    sfr1         0000
__Lsfr2                    sfr2         0000
__Lsfr3                    sfr3         0000
__Lspace_0                 (abs)        0000
__Lspace_1                 (abs)        0000
__Lspace_2                 (abs)        0000
__Lspace_3                 (abs)        0000
__Lspace_4                 (abs)        0000
__Lstack                   stack        0000
__Lstrings                 strings      0000
__Ltext                    text         0000
__S0                       (abs)        07F7
__S1                       (abs)        007C
__S3                       (abs)        0000
___aldiv                   text19       0021
___aldiv@counter           cstackBANK0  002E
___aldiv@dividend          cstackBANK0  0029
___aldiv@divisor           cstackBANK0  0025
___aldiv@quotient          cstackBANK0  0030
___aldiv@sign              cstackBANK0  002F
___awdiv                   text6        0332
___awdiv@counter           cstackCOMMON 0076
___awdiv@dividend          cstackCOMMON 0074
___awdiv@divisor           cstackCOMMON 0072
___awdiv@quotient          cstackCOMMON 0078
___awdiv@sign              cstackCOMMON 0077
___awmod                   text5        0454
___awmod@counter           cstackCOMMON 0076
___awmod@dividend          cstackCOMMON 0074
___awmod@divisor           cstackCOMMON 0072
___awmod@sign              cstackCOMMON 0077
___int_sp                  stack        0000
___latbits                 (abs)        0002
___lmul                    text11       0505
___lmul@multiplicand       cstackCOMMON 0076
___lmul@multiplier         cstackCOMMON 0072
___lmul@product            cstackBANK0  0021
___lwdiv                   text9        05D7
___lwdiv@counter           cstackCOMMON 0078
___lwdiv@dividend          cstackCOMMON 0074
___lwdiv@divisor           cstackCOMMON 0072
___lwdiv@quotient          cstackCOMMON 0076
___lwmod                   text8        06D8
___lwmod@counter           cstackCOMMON 0076
___lwmod@dividend          cstackCOMMON 0074
___lwmod@divisor           cstackCOMMON 0072
___sp                      stack        0000
___stackhi                 (abs)        0000
___stacklo                 (abs)        0000
__end_of_Lcd_Clear         text15       07F3
__end_of_Lcd_Cmd           text24       07A7
__end_of_Lcd_Init          text23       0505
__end_of_Lcd_Port          text25       069B
__end_of_Lcd_Set_Cursor    text14       078D
__end_of_Lcd_Write_Char    text13       07BD
__end_of_Lcd_Write_String  text12       0593
__end_of_UART              text20       065D
__end_of_UART_RX_config    text18       01C5
__end_of_UART_TX_config    text17       0246
__end_of_UART_read_char    text27       07F7
__end_of_UART_write_char   text22       07EC
__end_of_UART_write_string text21       076D
__end_of___aldiv           text19       00BE
__end_of___awdiv           text6        0399
__end_of___awmod           text5        04AD
__end_of___lmul            text11       054D
__end_of___lwdiv           text9        061B
__end_of___lwmod           text8        0712
__end_of__initialization   cinit        001D
__end_of__stringtab        strings      05A3
__end_of_adc_init          text2        0454
__end_of_adc_read          text16       07E1
__end_of_isr               text26       07D3
__end_of_main              maintext     06D8
__end_of_map               text10       03FA
__end_of_output_LCD        text3        0142
__end_of_separar_digitos16 text7        0332
__end_of_separar_digitos8  text4        02BF
__end_of_setup             text1        0748
__initialization           cinit        000F
__pbssBANK0                bssBANK0     0045
__pbssCOMMON               bssCOMMON    007A
__pcstackBANK0             cstackBANK0  0020
__pcstackCOMMON            cstackCOMMON 0070
__pintentry                intentry     0004
__pmaintext                maintext     069B
__pstrings                 strings      0593
__ptext1                   text1        0712
__ptext10                  text10       0399
__ptext11                  text11       0505
__ptext12                  text12       054D
__ptext13                  text13       07A7
__ptext14                  text14       076D
__ptext15                  text15       07EC
__ptext16                  text16       07D3
__ptext17                  text17       01C5
__ptext18                  text18       0142
__ptext19                  text19       0021
__ptext2                   text2        03FA
__ptext20                  text20       061B
__ptext21                  text21       0748
__ptext22                  text22       07E1
__ptext23                  text23       04AD
__ptext24                  text24       078D
__ptext25                  text25       065D
__ptext26                  text26       07BD
__ptext27                  text27       07F3
__ptext3                   text3        00BE
__ptext4                   text4        0246
__ptext5                   text5        0454
__ptext6                   text6        0332
__ptext7                   text7        02BF
__ptext8                   text8        06D8
__ptext9                   text9        05D7
__stringbase               strings      05A2
__stringtab                strings      0593
_adc_init                  text2        03FA
_adc_read                  text16       07D3
_count                     bssBANK0     004C
_counter                   bssBANK0     0048
_isr                       text26       07BD
_main                      maintext     069B
_map                       text10       0399
_nRBPU                     (abs)        040F
_output_LCD                text3        00BE
_pot_val                   bssCOMMON    007B
_pot_volt                  bssBANK0     0045
_separar_digitos16         text7        02BF
_separar_digitos8          text4        0246
_setup                     text1        0712
_volt                      bssBANK0     0049
adc_init@J                 cstackCOMMON 0077
adc_init@R                 cstackCOMMON 0072
adc_init@channel           cstackCOMMON 0074
adc_init@clock             cstackCOMMON 0073
btemp                      (abs)        007E
end_of_initialization      cinit        001D
interrupt_function         intentry     0004
intlevel0                  functab      0000
intlevel1                  functab      0000
intlevel2                  functab      0000
intlevel3                  functab      0000
intlevel4                  functab      0000
intlevel5                  functab      0000
map@max1                   cstackBANK0  0035
map@max2                   cstackBANK0  0037
map@min1                   cstackBANK0  0034
map@min2                   cstackBANK0  0036
map@val                    cstackBANK0  0043
reset_vec                  reset_vec    0000
saved_w                    (abs)        007E
separar_digitos16@centenas cstackBANK0  0025
separar_digitos16@decenas  cstackBANK0  0027
separar_digitos16@dig16    cstackBANK0  0022
separar_digitos16@div1     cstackBANK0  002B
separar_digitos16@div2     cstackBANK0  0023
separar_digitos16@num      cstackBANK0  0020
separar_digitos16@unidades cstackBANK0  0029
separar_digitos8@centenas  cstackBANK0  0024
separar_digitos8@decenas   cstackBANK0  0025
separar_digitos8@dig8      cstackBANK0  0020
separar_digitos8@div1      cstackBANK0  0028
separar_digitos8@div2      cstackBANK0  0023
separar_digitos8@num       cstackBANK0  0027
separar_digitos8@unidades  cstackBANK0  0026
start                      init         000C
start_initialization       cinit        000F
wtemp0                     (abs)        007E


MODULE INFORMATION

Module		Function		Class		Link	Load	Size
../../laboratorio2/Lab2_ED2.X/Lab2.c
		_UART          		CODE           	061B	0000	66
		_map           		CODE           	0399	0000	97
		_main          		CODE           	069B	0000	61
		_separar_digitos16		CODE           	02BF	0000	115
		_isr           		CODE           	07BD	0000	22
		_setup         		CODE           	0712	0000	54
		_output_LCD    		CODE           	00BE	0000	132
		_separar_digitos8		CODE           	0246	0000	121

../../laboratorio2/Lab2_ED2.X/Lab2.c estimated size: 668

UART.c
		_UART_write_string		CODE           	0748	0000	37
		_UART_TX_config		CODE           	01C5	0000	129
		_UART_write_char		CODE           	07E1	0000	11
		_UART_read_char		CODE           	07F3	0000	4
		_UART_RX_config		CODE           	0142	0000	131

UART.c estimated size: 312

C:\Program Files\Microchip\xc8\v2.41\pic\sources\c90\common\lwdiv.c
		___lwdiv       		CODE           	05D7	0000	68

C:\Program Files\Microchip\xc8\v2.41\pic\sources\c90\common\lwdiv.c estimated size: 68

C:\Program Files\Microchip\xc8\v2.41\pic\sources\c90\common\awdiv.c
		___awdiv       		CODE           	0332	0000	103

C:\Program Files\Microchip\xc8\v2.41\pic\sources\c90\common\awdiv.c estimated size: 103

C:\Program Files\Microchip\xc8\v2.41\pic\sources\c90\common\aldiv.c
		___aldiv       		CODE           	0021	0000	157

C:\Program Files\Microchip\xc8\v2.41\pic\sources\c90\common\aldiv.c estimated size: 157

C:\Program Files\Microchip\xc8\v2.41\pic\sources\c90\common\Umul32.c
		___lmul        		CODE           	0505	0000	72

C:\Program Files\Microchip\xc8\v2.41\pic\sources\c90\common\Umul32.c estimated size: 72

ADC_lib.c
		_adc_read      		CODE           	07D3	0000	14
		_adc_init      		CODE           	03FA	0000	90

ADC_lib.c estimated size: 104

shared
		__stringtab    		STRING         	0593	0000	16
		__initialization		CODE           	000F	0000	14

shared estimated size: 30

C:\Program Files\Microchip\xc8\v2.41\pic\sources\c90\common\lwmod.c
		___lwmod       		CODE           	06D8	0000	58

C:\Program Files\Microchip\xc8\v2.41\pic\sources\c90\common\lwmod.c estimated size: 58

C:\Program Files\Microchip\xc8\v2.41\pic\sources\c90\common\awmod.c
		___awmod       		CODE           	0454	0000	89

C:\Program Files\Microchip\xc8\v2.41\pic\sources\c90\common\awmod.c estimated size: 89

LCD.c
		_Lcd_Write_String		CODE           	054D	0000	70
		_Lcd_Init      		CODE           	04AD	0000	88
		_Lcd_Write_Char		CODE           	07A7	0000	22
		_Lcd_Cmd       		CODE           	078D	0000	26
		_Lcd_Set_Cursor		CODE           	076D	0000	32
		_Lcd_Clear     		CODE           	07EC	0000	7
		_Lcd_Port      		CODE           	065D	0000	62

LCD.c estimated size: 307

