Microchip MPLAB XC8 Compiler V2.41

Linker command line:

-W-3 \
  --edf=C:/Program Files/Microchip/MPLABX/v6.10/packs/Microchip/PIC16Fxxx_DFP/1.4.149/xc8\pic\dat\20230322214319_en.msgs \
  -cn -h+dist/default/production\Lab2_ED2.X.production.sym \
  --cmf=dist/default/production\Lab2_ED2.X.production.cmf -z -Q16F887 \
  -oC:\Users\judah\AppData\Local\Temp\xcAsc9o.\driver_tmp_3.o \
  --defsym=__MPLAB_BUILD=1 --fixupoverflow=error \
  -Mdist/default/production/Lab2_ED2.X.production.map \
  --md=C:\Users\judah\AppData\Local\Temp\xcAsc9o.\driver_tmp_0.dat -E1 \
  -ver=XC8 Compiler --acfsm=1493 -ACODE=00h-07FFhx4 -ASTRCODE=00h-01FFFh \
  -ASTRING=00h-0FFhx32 -ACONST=00h-0FFhx32 -AENTRY=00h-0FFhx32 \
  -ACOMMON=070h-07Fh -ABANK0=020h-06Fh -ABANK1=0A0h-0EFh \
  -ABANK2=0110h-016Fh -ABANK3=0190h-01EFh \
  -ARAM=020h-06Fh,0A0h-0EFh,0110h-016Fh,0190h-01EFh \
  -AABS1=020h-07Fh,0A0h-0EFh,0110h-016Fh,0190h-01EFh -ASFR0=00h-01Fh \
  -ASFR1=080h-09Fh -ASFR2=0100h-010Fh -ASFR3=0180h-018Fh \
  -ACONFIG=02007h-02008h -DCONFIG=2 -AIDLOC=02000h-02003h -DIDLOC=2 \
  -AEEDATA=00h-0FFh/02100h -peeprom_data=EEDATA -DEEDATA=2 -DCODE=2 \
  -DSTRCODE=2 -DSTRING=2 -DCONST=2 -DENTRY=2 \
  -preset_vec=00h,intentry=04h,init,end_init -ppowerup=CODE -pcinit=CODE \
  -pfunctab=ENTRY -k \
  C:\Users\judah\AppData\Local\Temp\xcAsc9o.\driver_tmp_12.o \
  dist/default/production\Lab2_ED2.X.production.o 

Object code version is 3.11

Machine type is 16F887



                Name                               Link     Load   Length Selector   Space Scale
C:\Users\judah\AppData\Local\Temp\xcAsc9o.\driver_tmp_12.o
                end_init                              E        E        3        8       0
                reset_vec                             0        0        3        0       0
                config                             2007     2007        2        0       4
dist/default/production\Lab2_ED2.X.production.o
                cinit                                11       11        5        8       0
                intentry                              4        4        A        8       0
                config                             2007     2007        2        0       4
                text17                              3F4      3F4       11      7C2       0
                text16                              395      395       1C        8       0
                text15                              405      405        E      7C2       0
                text14                              373      373       22        8       0
                text13                              3B1      3B1       1A        8       0
                text12                              413      413        D      7C2       0
                text11                              21A      21A       4C        8       0
                text10                              2F1      2F1       35        8       0
                text9                               266      266       46        8       0
                text8                                A1       A1       69        8       0
                text7                               1C1      1C1       59        8       0
                text6                                16       16       8B        8       0
                text5                               326      326       2A        8       0
                text4                               10A      10A       5D        8       0
                text3                               167      167       5A        8       0
                text2                               3E1      3E1       13      7C2       0
                text1                               2AC      2AC       45        8       0
                maintext                            350      350       23        8       0
                cstackBANK0                          20       20       12       20       1
                cstackCOMMON                         70       70        A       70       1
                bssCOMMON                            7A       7A        1       70       1
                strings                             3CB      3CB       16      796       0

TOTAL           Name                               Link     Load   Length     Space
        CLASS   CODE           
                end_init                              E        E        3         0
                cinit                                11       11        5         0
                intentry                              4        4        A         0
                reset_vec                             0        0        3         0
                text17                              3F4      3F4       11         0
                text16                              395      395       1C         0
                text15                              405      405        E         0
                text14                              373      373       22         0
                text13                              3B1      3B1       1A         0
                text12                              413      413        D         0
                text11                              21A      21A       4C         0
                text10                              2F1      2F1       35         0
                text9                               266      266       46         0
                text8                                A1       A1       69         0
                text7                               1C1      1C1       59         0
                text6                                16       16       8B         0
                text5                               326      326       2A         0
                text4                               10A      10A       5D         0
                text3                               167      167       5A         0
                text2                               3E1      3E1       13         0
                text1                               2AC      2AC       45         0
                maintext                            350      350       23         0

        CLASS   STRCODE        

        CLASS   STRING         
                strings                             3CB      3CB       16         0

        CLASS   CONST          

        CLASS   ENTRY          

        CLASS   COMMON         
                cstackCOMMON                         70       70        A         1
                bssCOMMON                            7A       7A        1         1

        CLASS   BANK0          
                cstackBANK0                          20       20       12         1

        CLASS   BANK1          

        CLASS   BANK2          

        CLASS   BANK3          

        CLASS   RAM            

        CLASS   ABS1           
                abs_s1                               7E       7E        2         1

        CLASS   SFR0           

        CLASS   SFR1           

        CLASS   SFR2           

        CLASS   SFR3           

        CLASS   CONFIG         
                config                             2007     2007        2         4

        CLASS   IDLOC          

        CLASS   EEDATA         

        CLASS   STACK          



SEGMENTS        Name                           Load    Length   Top    Selector   Space  Class     Delta

                reset_vec                      000000  000003  000003         0       0  CODE        2
                intentry                       000004  0003C7  0003CB         8       0  CODE        2
                cstackBANK0                    000020  000012  000032        20       1  BANK0       1
                cstackCOMMON                   000070  00000B  00007B        70       1  COMMON      1
                strings                        0003CB  000016  0003E1       796       0  STRING      2
                text2                          0003E1  00003F  000420       7C2       0  CODE        2


UNUSED ADDRESS RANGES

        Name                Unused          Largest block    Delta
        BANK0            0032-006F             3E           1
        BANK1            00A0-00EF             50           1
        BANK2            0110-016F             60           1
        BANK3            0190-01EF             60           1
        CODE             0003-0003              1           2
                         0420-1FFF            800
        COMMON           007B-007D              3           1
        CONST            0003-0003              1           2
                         0420-1FFF            100
        EEDATA           2100-21FF            100           2
        ENTRY            0003-0003              1           2
                         0420-1FFF            100
        IDLOC            2000-2003              4           2
        RAM              0032-006F             3E           1
                         00A0-00EF             50
                         0110-016F             60
                         0190-01EF             60
        SFR0             0000-001F             20           1
        SFR1             0080-009F             20           1
        SFR2             0100-010F             10           1
        SFR3             0180-018F             10           1
        STRCODE          0003-0003              1           2
                         0420-1FFF           1BE0
        STRING           0003-0003              1           2
                         0420-1FFF            100

                                  Symbol Table

?___awdiv                    cstackCOMMON 0073
?___awmod                    cstackCOMMON 0073
?_adc_read                   cstackCOMMON 0073
Lcd_Cmd@a                    cstackCOMMON 0076
Lcd_Port@a                   cstackCOMMON 0073
Lcd_Set_Cursor@a             cstackBANK0  0020
Lcd_Set_Cursor@b             cstackCOMMON 0077
Lcd_Set_Cursor@temp          cstackBANK0  0023
Lcd_Set_Cursor@y             cstackBANK0  0022
Lcd_Set_Cursor@z             cstackBANK0  0021
Lcd_Write_Char@a             cstackCOMMON 0077
Lcd_Write_Char@temp          cstackCOMMON 0075
Lcd_Write_Char@y             cstackCOMMON 0076
Lcd_Write_String@a           cstackCOMMON 0078
Lcd_Write_String@i           cstackBANK0  0023
_ADCON0bits                  (abs)        001F
_ADFM                        (abs)        04FF
_ADON                        (abs)        00F8
_ADRESH                      (abs)        001E
_ADRESL                      (abs)        009E
_ANSEL                       (abs)        0188
_ANSELH                      (abs)        0189
_GIE                         (abs)        005F
_IOCB                        (abs)        0096
_Lcd_Clear                   text12       0413
_Lcd_Cmd                     text13       03B1
_Lcd_Init                    text4        010A
_Lcd_Port                    text14       0373
_Lcd_Set_Cursor              text11       021A
_Lcd_Write_Char              text10       02F1
_Lcd_Write_String            text9        0266
_OPTION_REGbits              (abs)        0081
_OSCCONbits                  (abs)        008F
_PORTA                       (abs)        0005
_PORTB                       (abs)        0006
_PORTC                       (abs)        0007
_PORTD                       (abs)        0008
_PORTDbits                   (abs)        0008
_RB0                         (abs)        0030
_RB1                         (abs)        0031
_RBIE                        (abs)        005B
_RBIF                        (abs)        0058
_RD3                         (abs)        0043
_RD4                         (abs)        0044
_RD5                         (abs)        0045
_RD6                         (abs)        0046
_RD7                         (abs)        0047
_SCS                         (abs)        0478
_T0CS                        (abs)        040D
_T0IE                        (abs)        005D
_T0IF                        (abs)        005A
_TMR0                        (abs)        0001
_TRISA                       (abs)        0085
_TRISB                       (abs)        0086
_TRISC                       (abs)        0087
_TRISD                       (abs)        0088
_VCFG0                       (abs)        04FC
_VCFG1                       (abs)        04FD
_WPUB                        (abs)        0095
__H__absolute__              __absolute__ 0000
__Habs1                      abs1         0000
__Hbank0                     bank0        0000
__Hbank1                     bank1        0000
__Hbank2                     bank2        0000
__Hbank3                     bank3        0000
__HbssCOMMON                 bssCOMMON    0000
__Hcinit                     cinit        0016
__Hclrtext                   clrtext      0000
__Hcode                      code         0000
__Hcommon                    common       0000
__Hconfig                    config       2009
__HcstackBANK0               cstackBANK0  0000
__HcstackCOMMON              cstackCOMMON 0000
__Heeprom_data               eeprom_data  0000
__Hend_init                  end_init     0011
__Hfunctab                   functab      0000
__Hinit                      init         000E
__Hintentry                  intentry     000E
__Hmaintext                  maintext     0000
__Hpowerup                   powerup      0000
__Hram                       ram          0000
__Hreset_vec                 reset_vec    0003
__Hsfr0                      sfr0         0000
__Hsfr1                      sfr1         0000
__Hsfr2                      sfr2         0000
__Hsfr3                      sfr3         0000
__Hspace_0                   (abs)        0420
__Hspace_1                   (abs)        007B
__Hspace_2                   (abs)        0000
__Hspace_3                   (abs)        0000
__Hspace_4                   (abs)        4010
__Hstack                     stack        0000
__Hstrings                   strings      0000
__Htext                      text         0000
__L__absolute__              __absolute__ 0000
__Labs1                      abs1         0000
__Lbank0                     bank0        0000
__Lbank1                     bank1        0000
__Lbank2                     bank2        0000
__Lbank3                     bank3        0000
__LbssCOMMON                 bssCOMMON    0000
__Lcinit                     cinit        0011
__Lclrtext                   clrtext      0000
__Lcode                      code         0000
__Lcommon                    common       0000
__Lconfig                    config       0000
__LcstackBANK0               cstackBANK0  0000
__LcstackCOMMON              cstackCOMMON 0000
__Leeprom_data               eeprom_data  0000
__Lend_init                  end_init     000E
__Lfunctab                   functab      0000
__Linit                      init         000E
__Lintentry                  intentry     0004
__Lmaintext                  maintext     0000
__Lpowerup                   powerup      0000
__Lram                       ram          0000
__Lreset_vec                 reset_vec    0000
__Lsfr0                      sfr0         0000
__Lsfr1                      sfr1         0000
__Lsfr2                      sfr2         0000
__Lsfr3                      sfr3         0000
__Lspace_0                   (abs)        0000
__Lspace_1                   (abs)        0000
__Lspace_2                   (abs)        0000
__Lspace_3                   (abs)        0000
__Lspace_4                   (abs)        0000
__Lstack                     stack        0000
__Lstrings                   strings      0000
__Ltext                      text         0000
__S0                         (abs)        0420
__S1                         (abs)        007B
__S3                         (abs)        0000
___awdiv                     text8        00A1
___awdiv@counter             cstackBANK0  0020
___awdiv@dividend            cstackCOMMON 0075
___awdiv@divisor             cstackCOMMON 0073
___awdiv@quotient            cstackBANK0  0022
___awdiv@sign                cstackBANK0  0021
___awmod                     text7        01C1
___awmod@counter             cstackCOMMON 0077
___awmod@dividend            cstackCOMMON 0075
___awmod@divisor             cstackCOMMON 0073
___awmod@sign                cstackCOMMON 0078
___int_sp                    stack        0000
___latbits                   (abs)        0002
___sp                        stack        0000
___stackhi                   (abs)        0000
___stacklo                   (abs)        0000
__end_of_Lcd_Clear           text12       0420
__end_of_Lcd_Cmd             text13       03CB
__end_of_Lcd_Init            text4        0167
__end_of_Lcd_Port            text14       0395
__end_of_Lcd_Set_Cursor      text11       0266
__end_of_Lcd_Write_Char      text10       0326
__end_of_Lcd_Write_String    text9        02AC
__end_of___awdiv             text8        010A
__end_of___awmod             text7        021A
__end_of__initialization     cinit        0012
__end_of__stringtab          strings      03DB
__end_of_adc_init            text3        01C1
__end_of_adc_read            text15       0413
__end_of_ioc_portB           text17       0405
__end_of_iocb_init           text2        03F4
__end_of_isr                 text16       03B1
__end_of_main                maintext     0373
__end_of_output_LCD          text5        0350
__end_of_separar_digitos     text6        00A1
__end_of_setup               text1        02F1
__initialization             cinit        0011
__pbssCOMMON                 bssCOMMON    007A
__pcstackBANK0               cstackBANK0  0020
__pcstackCOMMON              cstackCOMMON 0070
__pintentry                  intentry     0004
__pmaintext                  maintext     0350
__pstrings                   strings      03CB
__ptext1                     text1        02AC
__ptext10                    text10       02F1
__ptext11                    text11       021A
__ptext12                    text12       0413
__ptext13                    text13       03B1
__ptext14                    text14       0373
__ptext15                    text15       0405
__ptext16                    text16       0395
__ptext17                    text17       03F4
__ptext2                     text2        03E1
__ptext3                     text3        0167
__ptext4                     text4        010A
__ptext5                     text5        0326
__ptext6                     text6        0016
__ptext7                     text7        01C1
__ptext8                     text8        00A1
__ptext9                     text9        0266
__stringbase                 strings      03DA
__stringtab                  strings      03CB
_adc_init                    text3        0167
_adc_read                    text15       0405
_adc_val                     bssCOMMON    007A
_ioc_portB                   text17       03F4
_iocb_init                   text2        03E1
_isr                         text16       0395
_main                        maintext     0350
_nRBPU                       (abs)        040F
_output_LCD                  text5        0326
_separar_digitos             text6        0016
_setup                       text1        02AC
adc_init@J                   cstackCOMMON 0078
adc_init@R                   cstackCOMMON 0073
adc_init@channel             cstackCOMMON 0075
adc_init@clock               cstackCOMMON 0074
btemp                        (abs)        007E
end_of_initialization        cinit        0012
interrupt_function           intentry     0004
intlevel0                    functab      0000
intlevel1                    functab      0000
intlevel2                    functab      0000
intlevel3                    functab      0000
intlevel4                    functab      0000
intlevel5                    functab      0000
iocb_init@pinesB             cstackCOMMON 0073
output_LCD@decimal           cstackBANK0  002D
reset_vec                    reset_vec    0000
saved_w                      (abs)        007E
separar_digitos@centenas     cstackBANK0  002C
separar_digitos@decenas      cstackBANK0  002B
separar_digitos@dig          cstackBANK0  0024
separar_digitos@num          cstackBANK0  002A
separar_digitos@residuo_cent cstackBANK0  0027
separar_digitos@residuo_dec  cstackBANK0  0028
separar_digitos@residuo_unit cstackBANK0  0029
start                        init         000E
start_initialization         cinit        0011
wtemp0                       (abs)        007E


MODULE INFORMATION

Module		Function		Class		Link	Load	Size
C:\Program Files\Microchip\xc8\v2.41\pic\sources\c90\common\awdiv.c
		___awdiv       		CODE           	00A1	0000	105

C:\Program Files\Microchip\xc8\v2.41\pic\sources\c90\common\awdiv.c estimated size: 105

Prelab2.c
		_main          		CODE           	0350	0000	35
		_isr           		CODE           	0395	0000	28
		_separar_digitos		CODE           	0016	0000	139
		_setup         		CODE           	02AC	0000	69
		_output_LCD    		CODE           	0326	0000	42
		_ioc_portB     		CODE           	03F4	0000	17

Prelab2.c estimated size: 330

ADC_lib.c
		_adc_read      		CODE           	0405	0000	14
		_adc_init      		CODE           	0167	0000	90

ADC_lib.c estimated size: 104

shared
		__stringtab    		STRING         	03CB	0000	16
		__initialization		CODE           	0011	0000	1

shared estimated size: 17

iocb_init.c
		_iocb_init     		CODE           	03E1	0000	19

iocb_init.c estimated size: 19

C:\Program Files\Microchip\xc8\v2.41\pic\sources\c90\common\awmod.c
		___awmod       		CODE           	01C1	0000	89

C:\Program Files\Microchip\xc8\v2.41\pic\sources\c90\common\awmod.c estimated size: 89

LCD.c
		_Lcd_Write_String		CODE           	0266	0000	70
		_Lcd_Init      		CODE           	010A	0000	93
		_Lcd_Write_Char		CODE           	02F1	0000	53
		_Lcd_Cmd       		CODE           	03B1	0000	26
		_Lcd_Set_Cursor		CODE           	021A	0000	76
		_Lcd_Clear     		CODE           	0413	0000	13
		_Lcd_Port      		CODE           	0373	0000	34

LCD.c estimated size: 365

