Microchip MPLAB XC8 Compiler V2.41

Linker command line:

-W-3 \
  --edf=C:/Program Files/Microchip/MPLABX/v6.10/packs/Microchip/PIC16Fxxx_DFP/1.4.149/xc8\pic\dat\20230322214319_en.msgs \
  -cn -h+dist/default/debug\Lab2_ED2.X.debug.sym \
  --cmf=dist/default/debug\Lab2_ED2.X.debug.cmf -z -Q16F887 \
  -oC:\Users\judah\AppData\Local\Temp\xcAs98k.\driver_tmp_3.o \
  --defsym=__MPLAB_BUILD=1 --fixupoverflow=error \
  -Mdist/default/debug/Lab2_ED2.X.debug.map \
  --md=C:\Users\judah\AppData\Local\Temp\xcAs98k.\driver_tmp_0.dat -E1 \
  -ver=XC8 Compiler --acfsm=1493 -ACODE=00h-07FFhx4 -ASTRCODE=00h-01FFFh \
  -ASTRING=00h-0FFhx32 -ACONST=00h-0FFhx32 -AENTRY=00h-0FFhx32 \
  -ACOMMON=070h-07Fh -ABANK0=020h-06Fh -ABANK1=0A0h-0EFh \
  -ABANK2=0110h-016Fh -ABANK3=0190h-01EFh \
  -ARAM=020h-06Fh,0A0h-0EFh,0110h-016Fh,0190h-01EFh \
  -AABS1=020h-07Fh,0A0h-0EFh,0110h-016Fh,0190h-01EFh -ASFR0=00h-01Fh \
  -ASFR1=080h-09Fh -ASFR2=0100h-010Fh -ASFR3=0180h-018Fh \
  -ACONFIG=02007h-02008h -DCONFIG=2 -AIDLOC=02000h-02003h -DIDLOC=2 \
  -AEEDATA=00h-0FFh/02100h -peeprom_data=EEDATA -DEEDATA=2 -DCODE=2 \
  -DSTRCODE=2 -DSTRING=2 -DCONST=2 -DENTRY=2 \
  -preset_vec=00h,intentry=04h,init,end_init -ppowerup=CODE -pcinit=CODE \
  -pfunctab=ENTRY -k \
  C:\Users\judah\AppData\Local\Temp\xcAs98k.\driver_tmp_12.o \
  dist/default/debug\Lab2_ED2.X.debug.o 

Object code version is 3.11

Machine type is 16F887



                Name                               Link     Load   Length Selector   Space Scale
C:\Users\judah\AppData\Local\Temp\xcAs98k.\driver_tmp_12.o
                end_init                              E        E        3        8       0
                reset_vec                             0        0        3        0       0
                config                             2007     2007        2        0       4
dist/default/debug\Lab2_ED2.X.debug.o
                cinit                                11       11        F        8       0
                intentry                              4        4        A        8       0
                config                             2007     2007        2        0       4
                text22                              55F      55F       11      A00       0
                text21                              500      500       1C      A00       0
                text20                              570      570        E      A00       0
                text19                              3CA      3CA       3E        8       0
                text18                              51C      51C       1A      A00       0
                text17                              57E      57E        7      A00       0
                text16                              4C3      4C3       20        8       0
                text15                              536      536       16      A00       0
                text14                              386      386       44        8       0
                text13                              2FC      2FC       46        8       0
                text12                              47B      47B       25        8       0
                text11                              442      442       39        8       0
                text10                              408      408       3A        8       0
                text9                               122      122       73        8       0
                text8                               195      195       69        8       0
                text7                               258      258       59        8       0
                text6                                A9       A9       79        8       0
                text5                                20       20       89        8       0
                text4                               2B1      2B1       4B        8       0
                text3                               1FE      1FE       5A        8       0
                text2                               54C      54C       13      A00       0
                text1                               342      342       44        8       0
                maintext                            4A0      4A0       23        8       0
                cstackBANK0                          20       20       16       20       1
                cstackCOMMON                         70       70        A       70       1
                bssBANK0                             36       36        8       20       1
                bssCOMMON                            7A       7A        1       70       1
                strings                             4E3      4E3       1D      9C6       0

TOTAL           Name                               Link     Load   Length     Space
        CLASS   CODE           
                end_init                              E        E        3         0
                cinit                                11       11        F         0
                intentry                              4        4        A         0
                reset_vec                             0        0        3         0
                text22                              55F      55F       11         0
                text21                              500      500       1C         0
                text20                              570      570        E         0
                text19                              3CA      3CA       3E         0
                text18                              51C      51C       1A         0
                text17                              57E      57E        7         0
                text16                              4C3      4C3       20         0
                text15                              536      536       16         0
                text14                              386      386       44         0
                text13                              2FC      2FC       46         0
                text12                              47B      47B       25         0
                text11                              442      442       39         0
                text10                              408      408       3A         0
                text9                               122      122       73         0
                text8                               195      195       69         0
                text7                               258      258       59         0
                text6                                A9       A9       79         0
                text5                                20       20       89         0
                text4                               2B1      2B1       4B         0
                text3                               1FE      1FE       5A         0
                text2                               54C      54C       13         0
                text1                               342      342       44         0
                maintext                            4A0      4A0       23         0

        CLASS   STRCODE        

        CLASS   STRING         
                strings                             4E3      4E3       1D         0

        CLASS   CONST          

        CLASS   ENTRY          

        CLASS   COMMON         
                cstackCOMMON                         70       70        A         1
                bssCOMMON                            7A       7A        1         1

        CLASS   BANK0          
                cstackBANK0                          20       20       16         1
                bssBANK0                             36       36        8         1

        CLASS   BANK1          

        CLASS   BANK2          

        CLASS   BANK3          

        CLASS   RAM            

        CLASS   ABS1           
                abs_s1                               7E       7E        2         1

        CLASS   SFR0           

        CLASS   SFR1           

        CLASS   SFR2           

        CLASS   SFR3           

        CLASS   CONFIG         
                config                             2007     2007        2         4

        CLASS   IDLOC          

        CLASS   EEDATA         

        CLASS   STACK          



SEGMENTS        Name                           Load    Length   Top    Selector   Space  Class     Delta

                reset_vec                      000000  000003  000003         0       0  CODE        2
                intentry                       000004  0004DF  0004E3         8       0  CODE        2
                cstackBANK0                    000020  00001E  00003E        20       1  BANK0       1
                cstackCOMMON                   000070  00000B  00007B        70       1  COMMON      1
                strings                        0004E3  00001D  000500       9C6       0  STRING      2
                text21                         000500  000085  000585       A00       0  CODE        2


UNUSED ADDRESS RANGES

        Name                Unused          Largest block    Delta
        BANK0            003E-006F             32           1
        BANK1            00A0-00EF             50           1
        BANK2            0110-016F             60           1
        BANK3            0190-01EF             60           1
        CODE             0003-0003              1           2
                         0585-1FFF            800
        COMMON           007B-007D              3           1
        CONST            0003-0003              1           2
                         0585-1FFF            100
        EEDATA           2100-21FF            100           2
        ENTRY            0003-0003              1           2
                         0585-1FFF            100
        IDLOC            2000-2003              4           2
        RAM              003E-006F             32           1
                         00A0-00EF             50
                         0110-016F             60
                         0190-01EF             60
        SFR0             0000-001F             20           1
        SFR1             0080-009F             20           1
        SFR2             0100-010F             10           1
        SFR3             0180-018F             10           1
        STRCODE          0003-0003              1           2
                         0585-1FFF           1A7B
        STRING           0003-0003              1           2
                         0585-1FFF            100

                                  Symbol Table

?___awdiv                  cstackCOMMON 0073
?___awmod                  cstackCOMMON 0073
?___lwdiv                  cstackBANK0  0020
?___lwmod                  cstackCOMMON 0073
?___wmul                   cstackCOMMON 0073
?_adc_read                 cstackCOMMON 0073
?_map                      cstackBANK0  0027
Lcd_Cmd@a                  cstackCOMMON 0076
Lcd_Port@a                 cstackCOMMON 0073
Lcd_Set_Cursor@a           cstackCOMMON 0078
Lcd_Set_Cursor@b           cstackCOMMON 0077
Lcd_Set_Cursor@temp        cstackCOMMON 0079
Lcd_Write_Char@a           cstackCOMMON 0075
Lcd_Write_String@a         cstackCOMMON 0076
Lcd_Write_String@i         cstackCOMMON 0078
_ADCON0bits                (abs)        001F
_ADFM                      (abs)        04FF
_ADON                      (abs)        00F8
_ADRESH                    (abs)        001E
_ADRESL                    (abs)        009E
_ANSEL                     (abs)        0188
_ANSELH                    (abs)        0189
_CREN                      (abs)        00C4
_GIE                       (abs)        005F
_IOCB                      (abs)        0096
_Lcd_Clear                 text17       057E
_Lcd_Cmd                   text18       051C
_Lcd_Init                  text4        02B1
_Lcd_Port                  text19       03CA
_Lcd_Set_Cursor            text16       04C3
_Lcd_Write_Char            text15       0536
_Lcd_Write_String          text14       0386
_OPTION_REGbits            (abs)        0081
_OSCCONbits                (abs)        008F
_PORTA                     (abs)        0005
_PORTB                     (abs)        0006
_PORTC                     (abs)        0007
_PORTD                     (abs)        0008
_PORTE                     (abs)        0009
_RB0                       (abs)        0030
_RB1                       (abs)        0031
_RBIE                      (abs)        005B
_RBIF                      (abs)        0058
_RD0                       (abs)        0040
_RD1                       (abs)        0041
_RD2                       (abs)        0042
_RD3                       (abs)        0043
_RD4                       (abs)        0044
_RD5                       (abs)        0045
_RD6                       (abs)        0046
_RD7                       (abs)        0047
_RE0                       (abs)        0048
_RE1                       (abs)        0049
_SCS                       (abs)        0478
_SPBRG                     (abs)        0099
_SPBRGH                    (abs)        009A
_SPEN                      (abs)        00C7
_SYNC                      (abs)        04C4
_T0IF                      (abs)        005A
_TMR0                      (abs)        0001
_TRISA                     (abs)        0085
_TRISB                     (abs)        0086
_TRISC                     (abs)        0087
_TRISD                     (abs)        0088
_TRISE                     (abs)        0089
_TXEN                      (abs)        04C5
_TXIF                      (abs)        0064
_TXREG                     (abs)        0019
_TXSTAbits                 (abs)        0098
_VCFG0                     (abs)        04FC
_VCFG1                     (abs)        04FD
_WPUB                      (abs)        0095
__H__absolute__            __absolute__ 0000
__Habs1                    abs1         0000
__Hbank0                   bank0        0000
__Hbank1                   bank1        0000
__Hbank2                   bank2        0000
__Hbank3                   bank3        0000
__HbssBANK0                bssBANK0     0000
__HbssCOMMON               bssCOMMON    0000
__Hcinit                   cinit        0020
__Hclrtext                 clrtext      0000
__Hcode                    code         0000
__Hcommon                  common       0000
__Hconfig                  config       2009
__HcstackBANK0             cstackBANK0  0000
__HcstackCOMMON            cstackCOMMON 0000
__Heeprom_data             eeprom_data  0000
__Hend_init                end_init     0011
__Hfunctab                 functab      0000
__Hinit                    init         000E
__Hintentry                intentry     000E
__Hmaintext                maintext     0000
__Hpowerup                 powerup      0000
__Hram                     ram          0000
__Hreset_vec               reset_vec    0003
__Hsfr0                    sfr0         0000
__Hsfr1                    sfr1         0000
__Hsfr2                    sfr2         0000
__Hsfr3                    sfr3         0000
__Hspace_0                 (abs)        0585
__Hspace_1                 (abs)        007B
__Hspace_2                 (abs)        0000
__Hspace_3                 (abs)        0000
__Hspace_4                 (abs)        4010
__Hstack                   stack        0000
__Hstrings                 strings      0000
__Htext                    text         0000
__L__absolute__            __absolute__ 0000
__Labs1                    abs1         0000
__Lbank0                   bank0        0000
__Lbank1                   bank1        0000
__Lbank2                   bank2        0000
__Lbank3                   bank3        0000
__LbssBANK0                bssBANK0     0000
__LbssCOMMON               bssCOMMON    0000
__Lcinit                   cinit        0011
__Lclrtext                 clrtext      0000
__Lcode                    code         0000
__Lcommon                  common       0000
__Lconfig                  config       0000
__LcstackBANK0             cstackBANK0  0000
__LcstackCOMMON            cstackCOMMON 0000
__Leeprom_data             eeprom_data  0000
__Lend_init                end_init     000E
__Lfunctab                 functab      0000
__Linit                    init         000E
__Lintentry                intentry     0004
__Lmaintext                maintext     0000
__Lpowerup                 powerup      0000
__Lram                     ram          0000
__Lreset_vec               reset_vec    0000
__Lsfr0                    sfr0         0000
__Lsfr1                    sfr1         0000
__Lsfr2                    sfr2         0000
__Lsfr3                    sfr3         0000
__Lspace_0                 (abs)        0000
__Lspace_1                 (abs)        0000
__Lspace_2                 (abs)        0000
__Lspace_3                 (abs)        0000
__Lspace_4                 (abs)        0000
__Lstack                   stack        0000
__Lstrings                 strings      0000
__Ltext                    text         0000
__S0                       (abs)        0585
__S1                       (abs)        007B
__S3                       (abs)        0000
___awdiv                   text8        0195
___awdiv@counter           cstackBANK0  0020
___awdiv@dividend          cstackCOMMON 0075
___awdiv@divisor           cstackCOMMON 0073
___awdiv@quotient          cstackBANK0  0022
___awdiv@sign              cstackBANK0  0021
___awmod                   text7        0258
___awmod@counter           cstackCOMMON 0077
___awmod@dividend          cstackCOMMON 0075
___awmod@divisor           cstackCOMMON 0073
___awmod@sign              cstackCOMMON 0078
___int_sp                  stack        0000
___latbits                 (abs)        0002
___lwdiv                   text13       02FC
___lwdiv@counter           cstackBANK0  0024
___lwdiv@dividend          cstackBANK0  0022
___lwdiv@divisor           cstackBANK0  0020
___lwdiv@quotient          cstackBANK0  0025
___lwmod                   text10       0408
___lwmod@counter           cstackCOMMON 0077
___lwmod@dividend          cstackCOMMON 0075
___lwmod@divisor           cstackCOMMON 0073
___sp                      stack        0000
___stackhi                 (abs)        0000
___stacklo                 (abs)        0000
___wmul                    text12       047B
___wmul@multiplicand       cstackCOMMON 0075
___wmul@multiplier         cstackCOMMON 0073
___wmul@product            cstackCOMMON 0077
__end_of_Lcd_Clear         text17       0585
__end_of_Lcd_Cmd           text18       0536
__end_of_Lcd_Init          text4        02FC
__end_of_Lcd_Port          text19       0408
__end_of_Lcd_Set_Cursor    text16       04E3
__end_of_Lcd_Write_Char    text15       054C
__end_of_Lcd_Write_String  text14       03CA
__end_of___awdiv           text8        01FE
__end_of___awmod           text7        02B1
__end_of___lwdiv           text13       0342
__end_of___lwmod           text10       0442
__end_of___wmul            text12       04A0
__end_of__initialization   cinit        001C
__end_of__stringtab        strings      04F3
__end_of_adc_init          text3        0258
__end_of_adc_read          text20       057E
__end_of_ioc_portB         text22       0570
__end_of_iocb_init         text2        055F
__end_of_isr               text21       051C
__end_of_main              maintext     04C3
__end_of_map               text11       047B
__end_of_output_LCD        text5        00A9
__end_of_separar_digitos16 text9        0195
__end_of_separar_digitos8  text6        0122
__end_of_setup             text1        0386
__initialization           cinit        0011
__pbssBANK0                bssBANK0     0036
__pbssCOMMON               bssCOMMON    007A
__pcstackBANK0             cstackBANK0  0020
__pcstackCOMMON            cstackCOMMON 0070
__pintentry                intentry     0004
__pmaintext                maintext     04A0
__pstrings                 strings      04E3
__ptext1                   text1        0342
__ptext10                  text10       0408
__ptext11                  text11       0442
__ptext12                  text12       047B
__ptext13                  text13       02FC
__ptext14                  text14       0386
__ptext15                  text15       0536
__ptext16                  text16       04C3
__ptext17                  text17       057E
__ptext18                  text18       051C
__ptext19                  text19       03CA
__ptext2                   text2        054C
__ptext20                  text20       0570
__ptext21                  text21       0500
__ptext22                  text22       055F
__ptext3                   text3        01FE
__ptext4                   text4        02B1
__ptext5                   text5        0020
__ptext6                   text6        00A9
__ptext7                   text7        0258
__ptext8                   text8        0195
__ptext9                   text9        0122
__stringbase               strings      04F2
__stringtab                strings      04E3
_adc_init                  text3        01FE
_adc_read                  text20       0570
_ioc_portB                 text22       055F
_iocb_init                 text2        054C
_isr                       text21       0500
_main                      maintext     04A0
_map                       text11       0442
_nRBPU                     (abs)        040F
_output_LCD                text5        0020
_pot                       bssBANK0     003B
_pot_val                   bssCOMMON    007A
_pot_volt                  bssBANK0     0036
_separar_digitos16         text9        0122
_separar_digitos8          text6        00A9
_setup                     text1        0342
_volt                      bssBANK0     0038
adc_init@J                 cstackCOMMON 0078
adc_init@R                 cstackCOMMON 0073
adc_init@channel           cstackCOMMON 0075
adc_init@clock             cstackCOMMON 0074
btemp                      (abs)        007E
end_of_initialization      cinit        001C
interrupt_function         intentry     0004
intlevel0                  functab      0000
intlevel1                  functab      0000
intlevel2                  functab      0000
intlevel3                  functab      0000
intlevel4                  functab      0000
intlevel5                  functab      0000
iocb_init@pinesB           cstackCOMMON 0073
map@max1                   cstackBANK0  002B
map@max2                   cstackBANK0  002F
map@min1                   cstackBANK0  0029
map@min2                   cstackBANK0  002D
map@res                    cstackBANK0  0031
map@val                    cstackBANK0  0027
reset_vec                  reset_vec    0000
saved_w                    (abs)        007E
separar_digitos16@centenas cstackBANK0  002C
separar_digitos16@decenas  cstackBANK0  002E
separar_digitos16@dig16    cstackBANK0  0029
separar_digitos16@div1     cstackBANK0  0032
separar_digitos16@div2     cstackBANK0  002A
separar_digitos16@num      cstackBANK0  0027
separar_digitos16@unidades cstackBANK0  0030
separar_digitos8@centenas  cstackBANK0  0028
separar_digitos8@decenas   cstackBANK0  0029
separar_digitos8@dig8      cstackBANK0  0024
separar_digitos8@div1      cstackBANK0  002C
separar_digitos8@div2      cstackBANK0  0027
separar_digitos8@num       cstackBANK0  002B
separar_digitos8@unidades  cstackBANK0  002A
start                      init         000E
start_initialization       cinit        0011
wtemp0                     (abs)        007E


MODULE INFORMATION

Module		Function		Class		Link	Load	Size
../../laboratorio2/Lab2_ED2.X/Lab2.c
		_map           		CODE           	0442	0000	57
		_main          		CODE           	04A0	0000	35
		_separar_digitos16		CODE           	0122	0000	115
		_isr           		CODE           	0500	0000	28
		_setup         		CODE           	0342	0000	68
		_output_LCD    		CODE           	0020	0000	137
		_ioc_portB     		CODE           	055F	0000	17
		_separar_digitos8		CODE           	00A9	0000	121

../../laboratorio2/Lab2_ED2.X/Lab2.c estimated size: 578

C:\Program Files\Microchip\xc8\v2.41\pic\sources\c90\common\Umul16.c
		___wmul        		CODE           	047B	0000	37

C:\Program Files\Microchip\xc8\v2.41\pic\sources\c90\common\Umul16.c estimated size: 37

C:\Program Files\Microchip\xc8\v2.41\pic\sources\c90\common\lwdiv.c
		___lwdiv       		CODE           	02FC	0000	70

C:\Program Files\Microchip\xc8\v2.41\pic\sources\c90\common\lwdiv.c estimated size: 70

C:\Program Files\Microchip\xc8\v2.41\pic\sources\c90\common\awdiv.c
		___awdiv       		CODE           	0195	0000	105

C:\Program Files\Microchip\xc8\v2.41\pic\sources\c90\common\awdiv.c estimated size: 105

ADC_lib.c
		_adc_read      		CODE           	0570	0000	14
		_adc_init      		CODE           	01FE	0000	90

ADC_lib.c estimated size: 104

shared
		__stringtab    		STRING         	04E3	0000	16
		__initialization		CODE           	0011	0000	11

shared estimated size: 27

iocb_init.c
		_iocb_init     		CODE           	054C	0000	19

iocb_init.c estimated size: 19

C:\Program Files\Microchip\xc8\v2.41\pic\sources\c90\common\lwmod.c
		___lwmod       		CODE           	0408	0000	58

C:\Program Files\Microchip\xc8\v2.41\pic\sources\c90\common\lwmod.c estimated size: 58

C:\Program Files\Microchip\xc8\v2.41\pic\sources\c90\common\awmod.c
		___awmod       		CODE           	0258	0000	89

C:\Program Files\Microchip\xc8\v2.41\pic\sources\c90\common\awmod.c estimated size: 89

LCD.c
		_Lcd_Write_String		CODE           	0386	0000	68
		_Lcd_Init      		CODE           	02B1	0000	75
		_Lcd_Write_Char		CODE           	0536	0000	22
		_Lcd_Cmd       		CODE           	051C	0000	26
		_Lcd_Set_Cursor		CODE           	04C3	0000	32
		_Lcd_Clear     		CODE           	057E	0000	7
		_Lcd_Port      		CODE           	03CA	0000	62

LCD.c estimated size: 292

